        Dataset         T[MeV]       muB[MeV]          R[fm]         gammaq         gammaS           chi2       chi2/dof            Q/B          S/|S|
 NA49-30GeV-4pi     128.494660     380.528741       6.822749       1.685290       1.767622       3.653381       0.730676   4.000000E-01   5.354642E-13
 NA49-40GeV-4pi     130.361300     346.135324       7.200723       1.675906       1.655356       9.105856       1.517643   4.000000E-01   4.775298E-12
 NA49-80GeV-4pi     135.934683     269.396814       7.918289       1.642939       1.488768      11.043434       2.208687   4.000000E-01  -1.416144E-14
NA49-158GeV-4pi     134.332417     228.879043       8.968052       1.652696       1.768031      16.142415       2.017802   4.000000E-01   3.562298E-12
 ALICE-2_76-0-5     135.436571       4.959946       9.558264       1.645931       2.057638       5.879782       0.839969   4.000000E-01   1.186706E-16
