        Dataset         T[MeV]       muB[MeV]          R[fm]         gammaq         gammaS           chi2       chi2/dof            Q/B          S/|S|
 NA49-30GeV-4pi     143.529902     440.680439       7.612041       1.000000       1.000000      23.807301       3.401043   4.000000E-01  -3.599309E-11
 NA49-40GeV-4pi     141.470563     403.373898       8.533824       1.000000       1.000000      46.356123       5.794515   4.000000E-01  -5.477362E-12
 NA49-80GeV-4pi     144.007345     329.497882       9.567387       1.000000       1.000000      75.129933      10.732848   4.000000E-01  -1.075963E-10
NA49-158GeV-4pi     148.527837     263.789295      10.288631       1.000000       1.000000      36.493851       3.649385   4.000000E-01   3.795286E-11
 ALICE-2_76-0-5     152.926523       4.429129      10.946832       1.000000       1.000000      26.478674       2.942075   4.000000E-01  -3.142343E-16
